// 重构日志: b5f526e9
// 重构日志: 4598178f
// 重构日志: fd5b1092
// 重构日志: 4bb9842f
// 重构日志: 2db8493b
// 同步 ID: 9a26acc7 @ Tue Jul 14 13:26:36 UTC 2026
// 重构日志: a89dcc32
// 重构日志: dafc8146
// 重构日志: a37bf3ce
// 同步 ID: d72050bd @ Sat Jul 18 11:56:28 UTC 2026
// 同步 ID: 383ee6be @ Mon Jul 20 17:06:36 UTC 2026
// 重构日志: de11af48
// 同步 ID: 634c528d @ Wed Jul 22 18:34:55 UTC 2026
// 重构日志: 2f9d2af9
// 同步 ID: 9f0badc2 @ Fri Jul 24 08:28:33 UTC 2026
// 重构日志: 8ec25f24
// 重构日志: c63c5856
// 重构日志: 43790ecf
// 重构日志: f4ff25be
// 重构日志: a3284ae5
// 同步 ID: fb853172 @ Sun Jul 26 05:03:12 UTC 2026
// 重构日志: 1a2c807f
// 重构日志: 1f21ec62
// 重构日志: b61226b5
// 重构日志: 18234003
// 同步 ID: 102a8e89 @ Mon Jul 27 17:22:56 UTC 2026
// 重构日志: d42981e4
// 重构日志: ae916ece
// 重构日志: 74761af1
// 同步 ID: 49ad1711 @ Tue Jul 28 19:04:50 UTC 2026
